------------------------------------------------------------
----------- Marvellous Platform Surveillance System --------
Log created at : Sat Feb  7 22:47:09 2026
------------------------------------------------------------

---------------------- System Report ----------------------- 
CPU Usage : 5.1 %
------------------------------------------------------------
RAM Usage : 49.7 %
------------------------------------------------------------

Disk Usage Report
------------------------------------------------------------
C:\ -> 87.3 % used
D:\ -> 38.7 % used
E:\ -> 38.6 % used
------------------------------------------------------------
------------------------------------------------------------

 Network Usage Report
Sent : 0.00 MB
Recv : 0.00 MB
------------------------------------------------------------
------------------------------------------------------------
---------------------- End of log file ---------------------
------------------------------------------------------------
