------------------------------------------------------------
----------- Marvellous Platform Surveillance System --------
Log created at : Sat Feb  7 22:45:52 2026
------------------------------------------------------------

---------------------- System Report ----------------------- 
CPU Usage : 9.4 %
------------------------------------------------------------
RAM Usage : 49.8 %
------------------------------------------------------------

Disk Usage Report
------------------------------------------------------------
C:\ -> 87.3 % used
D:\ -> 38.7 % used
E:\ -> 38.6 % used
------------------------------------------------------------
------------------------------------------------------------

Network Usage Report
Sent : 0.00 MB
Recv : 0.00 MB
------------------------------------------------------------
PID : 0
Name : System Idle Process
Username : NT AUTHORITY\SYSTEM
Status : running
Start Time : 1970-01-01 05-30-00
CPU % : 1304.10
Memory % : 0.00
------------------------------------------------------------
PID : 4
Name : System
Username : NT AUTHORITY\SYSTEM
Status : running
Start Time : 1970-01-01 05-30-00
CPU % : 9.20
Memory % : 0.00
------------------------------------------------------------
PID : 236
Name : 
Username : None
Status : stopped
Start Time : 2026-02-07 17-41-27
CPU % : 0.00
Memory % : 0.39
------------------------------------------------------------
PID : 280
Name : Registry
Username : None
Status : running
Start Time : 2026-02-07 17-41-27
CPU % : 0.00
Memory % : 0.37
------------------------------------------------------------
PID : 832
Name : smss.exe
Username : None
Status : running
Start Time : 2026-02-07 17-41-30
CPU % : 0.00
Memory % : 0.01
------------------------------------------------------------
PID : 1216
Name : svchost.exe
Username : None
Status : running
Start Time : 2026-02-07 17-41-45
CPU % : 0.00
Memory % : 0.05
------------------------------------------------------------
PID : 1224
Name : csrss.exe
Username : None
Status : running
Start Time : 2026-02-07 17-41-42
CPU % : 0.00
Memory % : 0.04
------------------------------------------------------------
PID : 1332
Name : wininit.exe
Username : None
Status : running
Start Time : 2026-02-07 17-41-44
CPU % : 0.00
Memory % : 0.05
------------------------------------------------------------
PID : 1340
Name : csrss.exe
Username : None
Status : running
Start Time : 2026-02-07 17-41-44
CPU % : 1.80
Memory % : 0.05
------------------------------------------------------------
PID : 1408
Name : services.exe
Username : None
Status : running
Start Time : 2026-02-07 17-41-45
CPU % : 0.00
Memory % : 0.07
------------------------------------------------------------
PID : 1420
Name : svchost.exe
Username : None
Status : running
Start Time : 2026-02-07 17-41-50
CPU % : 0.00
Memory % : 0.08
------------------------------------------------------------
PID : 1428
Name : LsaIso.exe
Username : None
Status : running
Start Time : 2026-02-07 17-41-45
CPU % : 0.00
Memory % : 0.02
------------------------------------------------------------
PID : 1436
Name : lsass.exe
Username : None
Status : running
Start Time : 2026-02-07 17-41-45
CPU % : 0.00
Memory % : 0.17
------------------------------------------------------------
PID : 1464
Name : svchost.exe
Username : None
Status : running
Start Time : 2026-02-07 17-41-45
CPU % : 0.00
Memory % : 0.04
------------------------------------------------------------
PID : 1500
Name : winlogon.exe
Username : None
Status : running
Start Time : 2026-02-07 17-41-45
CPU % : 0.00
Memory % : 0.09
------------------------------------------------------------
PID : 1624
Name : BraveCrashHandler64.exe
Username : None
Status : running
Start Time : 2026-02-07 17-41-52
CPU % : 0.00
Memory % : 0.01
------------------------------------------------------------
PID : 1648
Name : svchost.exe
Username : None
Status : running
Start Time : 2026-02-07 17-41-45
CPU % : 0.00
Memory % : 0.26
------------------------------------------------------------
PID : 1680
Name : fontdrvhost.exe
Username : None
Status : running
Start Time : 2026-02-07 17-41-45
CPU % : 0.00
Memory % : 0.02
------------------------------------------------------------
PID : 1688
Name : fontdrvhost.exe
Username : None
Status : running
Start Time : 2026-02-07 17-41-45
CPU % : 0.00
Memory % : 0.03
------------------------------------------------------------
PID : 1696
Name : WUDFHost.exe
Username : None
Status : running
Start Time : 2026-02-07 17-41-45
CPU % : 0.00
Memory % : 0.11
------------------------------------------------------------
PID : 1712
Name : taskhostw.exe
Username : RAVIRAJS\ravir
Status : running
Start Time : 2026-02-07 17-42-51
CPU % : 0.00
Memory % : 0.06
------------------------------------------------------------
PID : 1732
Name : conhost.exe
Username : RAVIRAJS\ravir
Status : running
Start Time : 2026-02-07 20-45-34
CPU % : 0.00
Memory % : 0.14
------------------------------------------------------------
PID : 1744
Name : python.exe
Username : RAVIRAJS\ravir
Status : running
Start Time : 2026-02-07 22-42-45
CPU % : 77.10
Memory % : 0.15
------------------------------------------------------------
PID : 1808
Name : svchost.exe
Username : None
Status : running
Start Time : 2026-02-07 17-41-45
CPU % : 0.00
Memory % : 0.06
------------------------------------------------------------
PID : 1820
Name : svchost.exe
Username : None
Status : running
Start Time : 2026-02-07 17-41-45
CPU % : 1.60
Memory % : 0.12
------------------------------------------------------------
PID : 1864
Name : svchost.exe
Username : None
Status : running
Start Time : 2026-02-07 17-41-45
CPU % : 0.00
Memory % : 0.08
------------------------------------------------------------
PID : 1936
Name : WUDFHost.exe
Username : None
Status : running
Start Time : 2026-02-07 17-41-45
CPU % : 0.00
Memory % : 0.06
------------------------------------------------------------
PID : 1984
Name : dwm.exe
Username : None
Status : running
Start Time : 2026-02-07 17-41-45
CPU % : 1.50
Memory % : 0.73
------------------------------------------------------------
PID : 2004
Name : svchost.exe
Username : None
Status : running
Start Time : 2026-02-07 18-09-55
CPU % : 0.00
Memory % : 0.05
------------------------------------------------------------
PID : 2068
Name : svchost.exe
Username : None
Status : running
Start Time : 2026-02-07 17-41-45
CPU % : 0.00
Memory % : 0.06
------------------------------------------------------------
PID : 2084
Name : svchost.exe
Username : None
Status : running
Start Time : 2026-02-07 22-44-17
CPU % : 0.00
Memory % : 0.10
------------------------------------------------------------
PID : 2160
Name : OneDrive.exe
Username : RAVIRAJS\ravir
Status : running
Start Time : 2026-02-07 17-42-59
CPU % : 0.00
Memory % : 0.84
------------------------------------------------------------
PID : 2192
Name : dasHost.exe
Username : None
Status : running
Start Time : 2026-02-07 17-42-11
CPU % : 0.00
Memory % : 0.06
------------------------------------------------------------
PID : 2196
Name : svchost.exe
Username : None
Status : running
Start Time : 2026-02-07 17-41-45
CPU % : 0.00
Memory % : 0.07
------------------------------------------------------------
PID : 2212
Name : svchost.exe
Username : None
Status : running
Start Time : 2026-02-07 17-41-45
CPU % : 0.00
Memory % : 0.11
------------------------------------------------------------
PID : 2276
Name : svchost.exe
Username : None
Status : running
Start Time : 2026-02-07 17-41-45
CPU % : 0.00
Memory % : 0.08
------------------------------------------------------------
PID : 2284
Name : svchost.exe
Username : None
Status : running
Start Time : 2026-02-07 17-41-45
CPU % : 0.00
Memory % : 0.09
------------------------------------------------------------
PID : 2292
Name : svchost.exe
Username : None
Status : running
Start Time : 2026-02-07 17-41-45
CPU % : 0.00
Memory % : 0.08
------------------------------------------------------------
PID : 2300
Name : svchost.exe
Username : None
Status : running
Start Time : 2026-02-07 17-41-45
CPU % : 0.00
Memory % : 0.06
------------------------------------------------------------
PID : 2412
Name : conhost.exe
Username : RAVIRAJS\ravir
Status : running
Start Time : 2026-02-07 18-12-15
CPU % : 0.00
Memory % : 0.04
------------------------------------------------------------
PID : 2456
Name : IntelCpHDCPSvc.exe
Username : None
Status : running
Start Time : 2026-02-07 17-41-45
CPU % : 0.00
Memory % : 0.04
------------------------------------------------------------
PID : 2472
Name : python.exe
Username : RAVIRAJS\ravir
Status : running
Start Time : 2026-02-07 18-12-15
CPU % : 0.00
Memory % : 0.12
------------------------------------------------------------
PID : 2476
Name : svchost.exe
Username : None
Status : running
Start Time : 2026-02-07 17-41-45
CPU % : 0.00
Memory % : 0.13
------------------------------------------------------------
PID : 2484
Name : svchost.exe
Username : None
Status : running
Start Time : 2026-02-07 17-41-45
CPU % : 0.00
Memory % : 0.07
------------------------------------------------------------
PID : 2548
Name : svchost.exe
Username : None
Status : running
Start Time : 2026-02-07 17-41-45
CPU % : 0.00
Memory % : 0.05
------------------------------------------------------------
PID : 2556
Name : svchost.exe
Username : RAVIRAJS\ravir
Status : running
Start Time : 2026-02-07 17-43-38
CPU % : 0.00
Memory % : 0.10
------------------------------------------------------------
PID : 2564
Name : svchost.exe
Username : None
Status : running
Start Time : 2026-02-07 17-41-45
CPU % : 0.00
Memory % : 0.12
------------------------------------------------------------
PID : 2580
Name : svchost.exe
Username : None
Status : running
Start Time : 2026-02-07 17-41-45
CPU % : 0.00
Memory % : 0.06
------------------------------------------------------------
PID : 2632
Name : dllhost.exe
Username : RAVIRAJS\ravir
Status : running
Start Time : 2026-02-07 20-44-51
CPU % : 0.00
Memory % : 0.10
------------------------------------------------------------
PID : 2664
Name : python.exe
Username : RAVIRAJS\ravir
Status : running
Start Time : 2026-02-07 18-12-15
CPU % : 0.00
Memory % : 0.12
------------------------------------------------------------
PID : 2840
Name : svchost.exe
Username : None
Status : running
Start Time : 2026-02-07 17-41-45
CPU % : 0.00
Memory % : 0.09
------------------------------------------------------------
PID : 3032
Name : cmd.exe
Username : RAVIRAJS\ravir
Status : running
Start Time : 2026-02-07 18-11-44
CPU % : 0.00
Memory % : 0.04
------------------------------------------------------------
PID : 3124
Name : OmenCap.exe
Username : None
Status : running
Start Time : 2026-02-07 17-41-45
CPU % : 0.00
Memory % : 0.07
------------------------------------------------------------
PID : 3232
Name : NVDisplay.Container.exe
Username : None
Status : running
Start Time : 2026-02-07 17-41-46
CPU % : 0.00
Memory % : 0.25
------------------------------------------------------------
PID : 3304
Name : RuntimeBroker.exe
Username : RAVIRAJS\ravir
Status : running
Start Time : 2026-02-07 21-18-12
CPU % : 0.00
Memory % : 0.31
------------------------------------------------------------
PID : 3316
Name : svchost.exe
Username : None
Status : running
Start Time : 2026-02-07 17-41-46
CPU % : 0.00
Memory % : 0.11
------------------------------------------------------------
PID : 3352
Name : svchost.exe
Username : None
Status : running
Start Time : 2026-02-07 17-41-46
CPU % : 0.00
Memory % : 0.06
------------------------------------------------------------
PID : 3356
Name : svchost.exe
Username : None
Status : running
Start Time : 2026-02-07 17-41-46
CPU % : 0.00
Memory % : 0.05
------------------------------------------------------------
PID : 3372
Name : svchost.exe
Username : None
Status : running
Start Time : 2026-02-07 17-41-46
CPU % : 0.00
Memory % : 0.12
------------------------------------------------------------
PID : 3420
Name : pet.exe
Username : RAVIRAJS\ravir
Status : running
Start Time : 2026-02-07 18-12-14
CPU % : 0.00
Memory % : 0.04
------------------------------------------------------------
PID : 3464
Name : MemCompression
Username : None
Status : running
Start Time : 2026-02-07 17-41-46
CPU % : 0.00
Memory % : 4.57
------------------------------------------------------------
PID : 3508
Name : svchost.exe
Username : None
Status : running
Start Time : 2026-02-07 17-41-46
CPU % : 0.00
Memory % : 0.07
------------------------------------------------------------
PID : 3524
Name : Code.exe
Username : RAVIRAJS\ravir
Status : running
Start Time : 2026-02-07 18-11-48
CPU % : 1.20
Memory % : 1.03
------------------------------------------------------------
PID : 3564
Name : svchost.exe
Username : None
Status : running
Start Time : 2026-02-07 17-41-46
CPU % : 0.00
Memory % : 0.07
------------------------------------------------------------
PID : 3576
Name : svchost.exe
Username : None
Status : running
Start Time : 2026-02-07 17-41-46
CPU % : 0.00
Memory % : 0.06
------------------------------------------------------------
PID : 3588
Name : AppHelperCap.exe
Username : None
Status : running
Start Time : 2026-02-07 17-41-46
CPU % : 4.80
Memory % : 0.17
------------------------------------------------------------
PID : 3596
Name : DiagsCap.exe
Username : None
Status : running
Start Time : 2026-02-07 17-41-46
CPU % : 0.00
Memory % : 0.12
------------------------------------------------------------
PID : 3604
Name : NgcIso.exe
Username : None
Status : running
Start Time : 2026-02-07 17-41-50
CPU % : 0.00
Memory % : 0.02
------------------------------------------------------------
PID : 3616
Name : NetworkCap.exe
Username : None
Status : running
Start Time : 2026-02-07 17-41-46
CPU % : 0.00
Memory % : 0.10
------------------------------------------------------------
PID : 3636
Name : TouchpointAnalyticsClientService.exe
Username : None
Status : running
Start Time : 2026-02-07 17-41-46
CPU % : 0.00
Memory % : 0.41
------------------------------------------------------------
PID : 3648
Name : SysInfoCap.exe
Username : None
Status : running
Start Time : 2026-02-07 17-41-46
CPU % : 0.00
Memory % : 0.71
------------------------------------------------------------
PID : 3684
Name : svchost.exe
Username : None
Status : running
Start Time : 2026-02-07 17-41-46
CPU % : 0.00
Memory % : 0.05
------------------------------------------------------------
PID : 3704
Name : WmiPrvSE.exe
Username : None
Status : running
Start Time : 2026-02-07 22-03-06
CPU % : 0.00
Memory % : 0.11
------------------------------------------------------------
PID : 3800
Name : conhost.exe
Username : RAVIRAJS\ravir
Status : running
Start Time : 2026-02-07 18-12-15
CPU % : 0.00
Memory % : 0.04
------------------------------------------------------------
PID : 3836
Name : svchost.exe
Username : None
Status : running
Start Time : 2026-02-07 17-41-46
CPU % : 0.00
Memory % : 0.11
------------------------------------------------------------
PID : 3872
Name : svchost.exe
Username : None
Status : running
Start Time : 2026-02-07 17-41-46
CPU % : 0.00
Memory % : 0.11
------------------------------------------------------------
PID : 3960
Name : cmd.exe
Username : RAVIRAJS\ravir
Status : running
Start Time : 2026-02-07 20-44-53
CPU % : 0.00
Memory % : 0.03
------------------------------------------------------------
PID : 4044
Name : svchost.exe
Username : None
Status : running
Start Time : 2026-02-07 17-41-46
CPU % : 0.00
Memory % : 0.16
------------------------------------------------------------
PID : 4112
Name : svchost.exe
Username : None
Status : running
Start Time : 2026-02-07 17-41-46
CPU % : 0.00
Memory % : 0.14
------------------------------------------------------------
PID : 4140
Name : FileCoAuth.exe
Username : RAVIRAJS\ravir
Status : running
Start Time : 2026-02-07 18-09-58
CPU % : 0.00
Memory % : 0.22
------------------------------------------------------------
PID : 4160
Name : svchost.exe
Username : None
Status : running
Start Time : 2026-02-07 17-41-46
CPU % : 0.00
Memory % : 0.07
------------------------------------------------------------
PID : 4228
Name : NVDisplay.Container.exe
Username : None
Status : running
Start Time : 2026-02-07 17-41-46
CPU % : 0.00
Memory % : 0.29
------------------------------------------------------------
PID : 4356
Name : ctfmon.exe
Username : RAVIRAJS\ravir
Status : running
Start Time : 2026-02-07 17-41-46
CPU % : 0.00
Memory % : 0.22
------------------------------------------------------------
PID : 4400
Name : svchost.exe
Username : None
Status : running
Start Time : 2026-02-07 17-41-46
CPU % : 0.00
Memory % : 0.05
------------------------------------------------------------
PID : 4572
Name : svchost.exe
Username : None
Status : running
Start Time : 2026-02-07 17-41-46
CPU % : 0.00
Memory % : 0.14
------------------------------------------------------------
PID : 4632
Name : svchost.exe
Username : None
Status : running
Start Time : 2026-02-07 17-41-46
CPU % : 0.00
Memory % : 0.12
------------------------------------------------------------
PID : 4724
Name : svchost.exe
Username : None
Status : running
Start Time : 2026-02-07 17-42-08
CPU % : 0.00
Memory % : 0.09
------------------------------------------------------------
PID : 4748
Name : WmiPrvSE.exe
Username : None
Status : running
Start Time : 2026-02-07 17-41-46
CPU % : 0.00
Memory % : 0.08
------------------------------------------------------------
PID : 4856
Name : spoolsv.exe
Username : None
Status : running
Start Time : 2026-02-07 17-41-46
CPU % : 0.00
Memory % : 0.12
------------------------------------------------------------
PID : 4964
Name : svchost.exe
Username : None
Status : running
Start Time : 2026-02-07 17-41-46
CPU % : 0.00
Memory % : 0.15
------------------------------------------------------------
PID : 5052
Name : HP.HPX.exe
Username : RAVIRAJS\ravir
Status : running
Start Time : 2026-02-07 17-45-00
CPU % : 0.00
Memory % : 0.55
------------------------------------------------------------
PID : 5084
Name : unsecapp.exe
Username : None
Status : running
Start Time : 2026-02-07 17-41-46
CPU % : 0.00
Memory % : 0.06
------------------------------------------------------------
PID : 5124
Name : SecurityHealthSystray.exe
Username : RAVIRAJS\ravir
Status : running
Start Time : 2026-02-07 17-42-07
CPU % : 0.00
Memory % : 0.08
------------------------------------------------------------
PID : 5140
Name : svchost.exe
Username : None
Status : running
Start Time : 2026-02-07 17-41-46
CPU % : 0.00
Memory % : 0.06
------------------------------------------------------------
PID : 5320
Name : HPSystemEventUtilityBackground.exe
Username : RAVIRAJS\ravir
Status : running
Start Time : 2026-02-07 17-42-26
CPU % : 0.00
Memory % : 0.35
------------------------------------------------------------
PID : 5348
Name : svchost.exe
Username : None
Status : running
Start Time : 2026-02-07 17-41-46
CPU % : 0.00
Memory % : 0.07
------------------------------------------------------------
PID : 5396
Name : Code.exe
Username : RAVIRAJS\ravir
Status : running
Start Time : 2026-02-07 18-11-49
CPU % : 4.10
Memory % : 2.63
------------------------------------------------------------
PID : 5400
Name : AggregatorHost.exe
Username : None
Status : running
Start Time : 2026-02-07 17-41-50
CPU % : 0.00
Memory % : 0.10
------------------------------------------------------------
PID : 5416
Name : svchost.exe
Username : None
Status : running
Start Time : 2026-02-07 17-41-50
CPU % : 0.00
Memory % : 0.06
------------------------------------------------------------
PID : 5428
Name : svchost.exe
Username : None
Status : running
Start Time : 2026-02-07 17-41-47
CPU % : 0.00
Memory % : 0.05
------------------------------------------------------------
PID : 5436
Name : AnyDesk.exe
Username : None
Status : running
Start Time : 2026-02-07 17-41-47
CPU % : 2.00
Memory % : 0.13
------------------------------------------------------------
PID : 5444
Name : ETDService.exe
Username : None
Status : running
Start Time : 2026-02-07 17-41-47
CPU % : 0.00
Memory % : 0.05
------------------------------------------------------------
PID : 5452
Name : nssm.exe
Username : None
Status : running
Start Time : 2026-02-07 17-41-47
CPU % : 0.00
Memory % : 0.05
------------------------------------------------------------
PID : 5460
Name : svchost.exe
Username : None
Status : running
Start Time : 2026-02-07 17-41-47
CPU % : 0.00
Memory % : 0.34
------------------------------------------------------------
PID : 5468
Name : HPCommRecovery.exe
Username : None
Status : running
Start Time : 2026-02-07 17-41-47
CPU % : 0.00
Memory % : 0.15
------------------------------------------------------------
PID : 5480
Name : OneApp.IGCC.WinService.exe
Username : None
Status : running
Start Time : 2026-02-07 17-41-47
CPU % : 0.00
Memory % : 0.23
------------------------------------------------------------
PID : 5488
Name : svchost.exe
Username : None
Status : running
Start Time : 2026-02-07 17-42-10
CPU % : 0.00
Memory % : 0.06
------------------------------------------------------------
PID : 5492
Name : WindowsTerminal.exe
Username : RAVIRAJS\ravir
Status : running
Start Time : 2026-02-07 18-11-44
CPU % : 0.00
Memory % : 0.60
------------------------------------------------------------
PID : 5504
Name : jhi_service.exe
Username : None
Status : running
Start Time : 2026-02-07 17-41-47
CPU % : 0.00
Memory % : 0.05
------------------------------------------------------------
PID : 5512
Name : svchost.exe
Username : None
Status : running
Start Time : 2026-02-07 17-41-47
CPU % : 0.00
Memory % : 0.09
------------------------------------------------------------
PID : 5528
Name : HPPrintScanDoctorService.exe
Username : None
Status : running
Start Time : 2026-02-07 17-41-47
CPU % : 0.00
Memory % : 0.09
------------------------------------------------------------
PID : 5536
Name : svchost.exe
Username : None
Status : running
Start Time : 2026-02-07 17-41-47
CPU % : 0.00
Memory % : 0.25
------------------------------------------------------------
PID : 5540
Name : IntelAudioService.exe
Username : None
Status : running
Start Time : 2026-02-07 17-41-47
CPU % : 0.00
Memory % : 0.17
------------------------------------------------------------
PID : 5556
Name : ipf_uf.exe
Username : None
Status : running
Start Time : 2026-02-07 17-41-47
CPU % : 0.00
Memory % : 0.05
------------------------------------------------------------
PID : 5576
Name : OfficeClickToRun.exe
Username : None
Status : running
Start Time : 2026-02-07 17-41-47
CPU % : 0.00
Memory % : 0.26
------------------------------------------------------------
PID : 5612
Name : SafeExamBrowser.Service.exe
Username : None
Status : running
Start Time : 2026-02-07 17-41-47
CPU % : 0.00
Memory % : 0.17
------------------------------------------------------------
PID : 5628
Name : servicehost.exe
Username : None
Status : running
Start Time : 2026-02-07 17-41-47
CPU % : 0.00
Memory % : 0.24
------------------------------------------------------------
PID : 5640
Name : MpDefenderCoreService.exe
Username : None
Status : running
Start Time : 2026-02-07 17-41-47
CPU % : 0.00
Memory % : 0.14
------------------------------------------------------------
PID : 5684
Name : backgroundTaskHost.exe
Username : RAVIRAJS\ravir
Status : stopped
Start Time : 2026-02-07 17-42-57
CPU % : 0.00
Memory % : 0.05
------------------------------------------------------------
PID : 5724
Name : svchost.exe
Username : None
Status : running
Start Time : 2026-02-07 17-43-55
CPU % : 0.00
Memory % : 0.08
------------------------------------------------------------
PID : 5756
Name : RtkAudUService64.exe
Username : None
Status : running
Start Time : 2026-02-07 17-41-50
CPU % : 0.00
Memory % : 0.11
------------------------------------------------------------
PID : 5792
Name : mysqld.exe
Username : None
Status : running
Start Time : 2026-02-07 17-41-47
CPU % : 0.00
Memory % : 0.06
------------------------------------------------------------
PID : 5812
Name : SECOMN64.exe
Username : None
Status : running
Start Time : 2026-02-07 17-41-47
CPU % : 0.00
Memory % : 0.10
------------------------------------------------------------
PID : 5824
Name : WMIRegistrationService.exe
Username : None
Status : running
Start Time : 2026-02-07 17-41-47
CPU % : 0.00
Memory % : 0.09
------------------------------------------------------------
PID : 5832
Name : svchost.exe
Username : None
Status : running
Start Time : 2026-02-07 17-41-47
CPU % : 0.00
Memory % : 0.14
------------------------------------------------------------
PID : 5844
Name : svchost.exe
Username : None
Status : running
Start Time : 2026-02-07 17-41-47
CPU % : 0.00
Memory % : 0.04
------------------------------------------------------------
PID : 5852
Name : RtkAudUService64.exe
Username : None
Status : running
Start Time : 2026-02-07 17-41-47
CPU % : 0.00
Memory % : 0.11
------------------------------------------------------------
PID : 5868
Name : sqlwriter.exe
Username : None
Status : running
Start Time : 2026-02-07 17-41-47
CPU % : 0.00
Memory % : 0.06
------------------------------------------------------------
PID : 5880
Name : MsMpEng.exe
Username : None
Status : running
Start Time : 2026-02-07 17-41-47
CPU % : 0.80
Memory % : 1.25
------------------------------------------------------------
PID : 5900
Name : wslservice.exe
Username : None
Status : running
Start Time : 2026-02-07 17-41-47
CPU % : 0.00
Memory % : 0.16
------------------------------------------------------------
PID : 5908
Name : expressvpnd.exe
Username : None
Status : running
Start Time : 2026-02-07 17-41-47
CPU % : 0.00
Memory % : 0.15
------------------------------------------------------------
PID : 5980
Name : XtuService.exe
Username : None
Status : running
Start Time : 2026-02-07 17-41-47
CPU % : 0.00
Memory % : 0.28
------------------------------------------------------------
PID : 6104
Name : ETDCtrl.exe
Username : RAVIRAJS\ravir
Status : running
Start Time : 2026-02-07 17-41-47
CPU % : 0.00
Memory % : 0.11
------------------------------------------------------------
PID : 6264
Name : dllhost.exe
Username : RAVIRAJS\ravir
Status : running
Start Time : 2026-02-07 20-44-50
CPU % : 0.00
Memory % : 0.11
------------------------------------------------------------
PID : 6304
Name : conhost.exe
Username : None
Status : running
Start Time : 2026-02-07 17-41-47
CPU % : 0.00
Memory % : 0.06
------------------------------------------------------------
PID : 6520
Name : svchost.exe
Username : None
Status : running
Start Time : 2026-02-07 17-41-47
CPU % : 0.00
Memory % : 0.09
------------------------------------------------------------
PID : 6840
Name : mysqld.exe
Username : None
Status : running
Start Time : 2026-02-07 17-41-47
CPU % : 0.00
Memory % : 0.40
------------------------------------------------------------
PID : 6884
Name : conhost.exe
Username : None
Status : running
Start Time : 2026-02-07 17-41-47
CPU % : 0.00
Memory % : 0.05
------------------------------------------------------------
PID : 6916
Name : svchost.exe
Username : None
Status : running
Start Time : 2026-02-07 17-41-47
CPU % : 0.00
Memory % : 0.04
------------------------------------------------------------
PID : 7320
Name : dasHost.exe
Username : None
Status : running
Start Time : 2026-02-07 17-42-10
CPU % : 0.00
Memory % : 0.09
------------------------------------------------------------
PID : 7560
Name : dllhost.exe
Username : RAVIRAJS\ravir
Status : running
Start Time : 2026-02-07 20-44-51
CPU % : 0.00
Memory % : 0.07
------------------------------------------------------------
PID : 7604
Name : svchost.exe
Username : None
Status : running
Start Time : 2026-02-07 17-41-50
CPU % : 0.00
Memory % : 0.06
------------------------------------------------------------
PID : 7664
Name : dllhost.exe
Username : RAVIRAJS\ravir
Status : running
Start Time : 2026-02-07 20-44-51
CPU % : 0.00
Memory % : 0.10
------------------------------------------------------------
PID : 7768
Name : SECOCL64.exe
Username : RAVIRAJS\ravir
Status : running
Start Time : 2026-02-07 17-41-47
CPU % : 0.00
Memory % : 0.09
------------------------------------------------------------
PID : 7784
Name : conhost.exe
Username : RAVIRAJS\ravir
Status : running
Start Time : 2026-02-07 17-41-47
CPU % : 0.00
Memory % : 0.04
------------------------------------------------------------
PID : 8308
Name : uihost.exe
Username : RAVIRAJS\ravir
Status : running
Start Time : 2026-02-07 17-41-47
CPU % : 0.00
Memory % : 0.16
------------------------------------------------------------
PID : 8384
Name : ipf_helper.exe
Username : RAVIRAJS\ravir
Status : running
Start Time : 2026-02-07 17-41-47
CPU % : 0.00
Memory % : 0.05
------------------------------------------------------------
PID : 8892
Name : wlanext.exe
Username : None
Status : running
Start Time : 2026-02-07 17-41-50
CPU % : 0.00
Memory % : 0.05
------------------------------------------------------------
PID : 8968
Name : sqlceip.exe
Username : None
Status : running
Start Time : 2026-02-07 17-43-55
CPU % : 0.00
Memory % : 0.33
------------------------------------------------------------
PID : 9160
Name : svchost.exe
Username : None
Status : running
Start Time : 2026-02-07 17-41-50
CPU % : 0.00
Memory % : 0.17
------------------------------------------------------------
PID : 9204
Name : Code.exe
Username : RAVIRAJS\ravir
Status : running
Start Time : 2026-02-07 18-11-54
CPU % : 0.00
Memory % : 1.16
------------------------------------------------------------
PID : 9264
Name : sihost.exe
Username : RAVIRAJS\ravir
Status : running
Start Time : 2026-02-07 17-41-50
CPU % : 0.00
Memory % : 0.31
------------------------------------------------------------
PID : 9340
Name : svchost.exe
Username : RAVIRAJS\ravir
Status : running
Start Time : 2026-02-07 17-41-50
CPU % : 0.00
Memory % : 0.21
------------------------------------------------------------
PID : 9352
Name : Code.exe
Username : RAVIRAJS\ravir
Status : running
Start Time : 2026-02-07 18-11-49
CPU % : 6.10
Memory % : 1.17
------------------------------------------------------------
PID : 9372
Name : svchost.exe
Username : RAVIRAJS\ravir
Status : running
Start Time : 2026-02-07 17-41-50
CPU % : 0.00
Memory % : 0.07
------------------------------------------------------------
PID : 9440
Name : svchost.exe
Username : RAVIRAJS\ravir
Status : running
Start Time : 2026-02-07 17-41-50
CPU % : 0.00
Memory % : 0.22
------------------------------------------------------------
PID : 9524
Name : OmenInstallMonitor.exe
Username : RAVIRAJS\ravir
Status : running
Start Time : 2026-02-07 17-41-50
CPU % : 0.00
Memory % : 0.04
------------------------------------------------------------
PID : 9544
Name : OverlayHelper.exe
Username : RAVIRAJS\ravir
Status : running
Start Time : 2026-02-07 17-41-50
CPU % : 0.80
Memory % : 0.13
------------------------------------------------------------
PID : 9552
Name : taskhostw.exe
Username : RAVIRAJS\ravir
Status : running
Start Time : 2026-02-07 17-41-50
CPU % : 0.00
Memory % : 0.15
------------------------------------------------------------
PID : 9564
Name : svchost.exe
Username : None
Status : running
Start Time : 2026-02-07 17-41-50
CPU % : 0.00
Memory % : 0.13
------------------------------------------------------------
PID : 9624
Name : SystemOptimizer.exe
Username : RAVIRAJS\ravir
Status : running
Start Time : 2026-02-07 17-41-50
CPU % : 0.00
Memory % : 0.05
------------------------------------------------------------
PID : 9688
Name : svchost.exe
Username : None
Status : running
Start Time : 2026-02-07 17-41-51
CPU % : 0.00
Memory % : 0.07
------------------------------------------------------------
PID : 9728
Name : dllhost.exe
Username : RAVIRAJS\ravir
Status : running
Start Time : 2026-02-07 20-44-50
CPU % : 0.00
Memory % : 0.13
------------------------------------------------------------
PID : 9784
Name : Code.exe
Username : RAVIRAJS\ravir
Status : running
Start Time : 2026-02-07 18-11-50
CPU % : 0.00
Memory % : 1.82
------------------------------------------------------------
PID : 9804
Name : svchost.exe
Username : None
Status : running
Start Time : 2026-02-07 17-41-51
CPU % : 0.00
Memory % : 0.15
------------------------------------------------------------
PID : 9840
Name : svchost.exe
Username : RAVIRAJS\ravir
Status : running
Start Time : 2026-02-07 17-43-38
CPU % : 0.00
Memory % : 0.09
------------------------------------------------------------
PID : 9912
Name : OpenConsole.exe
Username : RAVIRAJS\ravir
Status : running
Start Time : 2026-02-07 18-11-44
CPU % : 0.00
Memory % : 0.10
------------------------------------------------------------
PID : 10108
Name : Code.exe
Username : RAVIRAJS\ravir
Status : running
Start Time : 2026-02-07 18-11-50
CPU % : 0.00
Memory % : 0.60
------------------------------------------------------------
PID : 10180
Name : conhost.exe
Username : RAVIRAJS\ravir
Status : running
Start Time : 2026-02-07 18-11-44
CPU % : 0.00
Memory % : 0.06
------------------------------------------------------------
PID : 10192
Name : explorer.exe
Username : RAVIRAJS\ravir
Status : running
Start Time : 2026-02-07 17-41-51
CPU % : 5.90
Memory % : 1.92
------------------------------------------------------------
PID : 10256
Name : Code.exe
Username : RAVIRAJS\ravir
Status : running
Start Time : 2026-02-07 18-11-52
CPU % : 0.00
Memory % : 0.52
------------------------------------------------------------
PID : 10292
Name : LockApp.exe
Username : RAVIRAJS\ravir
Status : stopped
Start Time : 2026-02-07 21-18-11
CPU % : 0.00
Memory % : 0.70
------------------------------------------------------------
PID : 10488
Name : svchost.exe
Username : None
Status : running
Start Time : 2026-02-07 17-41-51
CPU % : 0.00
Memory % : 0.10
------------------------------------------------------------
PID : 10620
Name : CrossDeviceResume.exe
Username : RAVIRAJS\ravir
Status : running
Start Time : 2026-02-07 17-41-51
CPU % : 0.00
Memory % : 0.34
------------------------------------------------------------
PID : 10828
Name : powershell.exe
Username : RAVIRAJS\ravir
Status : running
Start Time : 2026-02-07 18-12-15
CPU % : 0.00
Memory % : 0.36
------------------------------------------------------------
PID : 10832
Name : RtkAudUService64.exe
Username : RAVIRAJS\ravir
Status : running
Start Time : 2026-02-07 17-42-37
CPU % : 0.00
Memory % : 0.12
------------------------------------------------------------
PID : 10856
Name : svchost.exe
Username : None
Status : running
Start Time : 2026-02-07 17-41-51
CPU % : 0.00
Memory % : 0.07
------------------------------------------------------------
PID : 10944
Name : svchost.exe
Username : None
Status : running
Start Time : 2026-02-07 17-41-52
CPU % : 0.00
Memory % : 0.20
------------------------------------------------------------
PID : 11048
Name : svchost.exe
Username : None
Status : running
Start Time : 2026-02-07 17-51-50
CPU % : 0.00
Memory % : 0.12
------------------------------------------------------------
PID : 11076
Name : SearchIndexer.exe
Username : None
Status : running
Start Time : 2026-02-07 17-41-51
CPU % : 0.00
Memory % : 0.25
------------------------------------------------------------
PID : 11136
Name : git.exe
Username : RAVIRAJS\ravir
Status : running
Start Time : 2026-02-07 18-12-13
CPU % : 0.00
Memory % : 0.07
------------------------------------------------------------
PID : 11164
Name : BraveCrashHandler.exe
Username : None
Status : running
Start Time : 2026-02-07 17-41-52
CPU % : 0.00
Memory % : 0.01
------------------------------------------------------------
PID : 11316
Name : RuntimeBroker.exe
Username : RAVIRAJS\ravir
Status : running
Start Time : 2026-02-07 17-42-58
CPU % : 0.00
Memory % : 0.18
------------------------------------------------------------
PID : 11336
Name : svchost.exe
Username : RAVIRAJS\ravir
Status : running
Start Time : 2026-02-07 17-41-52
CPU % : 0.00
Memory % : 0.16
------------------------------------------------------------
PID : 11624
Name : svchost.exe
Username : RAVIRAJS\ravir
Status : running
Start Time : 2026-02-07 17-41-54
CPU % : 0.00
Memory % : 0.17
------------------------------------------------------------
PID : 11672
Name : Widgets.exe
Username : RAVIRAJS\ravir
Status : running
Start Time : 2026-02-07 17-41-54
CPU % : 0.00
Memory % : 0.27
------------------------------------------------------------
PID : 11836
Name : conhost.exe
Username : RAVIRAJS\ravir
Status : running
Start Time : 2026-02-07 20-44-53
CPU % : 0.00
Memory % : 0.13
------------------------------------------------------------
PID : 11880
Name : Code.exe
Username : RAVIRAJS\ravir
Status : running
Start Time : 2026-02-07 18-11-49
CPU % : 0.00
Memory % : 0.27
------------------------------------------------------------
PID : 12080
Name : SearchHost.exe
Username : RAVIRAJS\ravir
Status : running
Start Time : 2026-02-07 17-41-53
CPU % : 0.00
Memory % : 1.08
------------------------------------------------------------
PID : 12088
Name : StartMenuExperienceHost.exe
Username : RAVIRAJS\ravir
Status : running
Start Time : 2026-02-07 17-41-53
CPU % : 0.00
Memory % : 1.05
------------------------------------------------------------
PID : 12548
Name : NisSrv.exe
Username : None
Status : running
Start Time : 2026-02-07 17-41-54
CPU % : 0.00
Memory % : 0.08
------------------------------------------------------------
PID : 12968
Name : msedgewebview2.exe
Username : RAVIRAJS\ravir
Status : running
Start Time : 2026-02-07 17-41-54
CPU % : 0.00
Memory % : 0.05
------------------------------------------------------------
PID : 13040
Name : Code.exe
Username : RAVIRAJS\ravir
Status : running
Start Time : 2026-02-07 18-11-50
CPU % : 0.00
Memory % : 0.55
------------------------------------------------------------
PID : 13264
Name : msedgewebview2.exe
Username : RAVIRAJS\ravir
Status : running
Start Time : 2026-02-07 17-41-54
CPU % : 0.00
Memory % : 0.10
------------------------------------------------------------
PID : 13440
Name : SystemSettings.exe
Username : RAVIRAJS\ravir
Status : stopped
Start Time : 2026-02-07 17-46-27
CPU % : 0.00
Memory % : 0.01
------------------------------------------------------------
PID : 13636
Name : ApplicationFrameHost.exe
Username : RAVIRAJS\ravir
Status : running
Start Time : 2026-02-07 17-46-27
CPU % : 0.00
Memory % : 0.28
------------------------------------------------------------
PID : 13644
Name : conhost.exe
Username : RAVIRAJS\ravir
Status : running
Start Time : 2026-02-07 18-12-14
CPU % : 0.00
Memory % : 0.04
------------------------------------------------------------
PID : 13840
Name : svchost.exe
Username : RAVIRAJS\ravir
Status : running
Start Time : 2026-02-07 17-43-50
CPU % : 0.00
Memory % : 0.09
------------------------------------------------------------
PID : 13852
Name : HPMediaNetwork.exe
Username : RAVIRAJS\ravir
Status : running
Start Time : 2026-02-07 17-42-26
CPU % : 0.00
Memory % : 0.30
------------------------------------------------------------
PID : 13964
Name : sqlservr.exe
Username : None
Status : running
Start Time : 2026-02-07 17-43-51
CPU % : 80.00
Memory % : 0.88
------------------------------------------------------------
PID : 14052
Name : msedgewebview2.exe
Username : RAVIRAJS\ravir
Status : running
Start Time : 2026-02-07 17-41-55
CPU % : 0.00
Memory % : 0.16
------------------------------------------------------------
PID : 14108
Name : msedgewebview2.exe
Username : RAVIRAJS\ravir
Status : running
Start Time : 2026-02-07 17-41-55
CPU % : 0.00
Memory % : 0.04
------------------------------------------------------------
PID : 14136
Name : ShellHost.exe
Username : RAVIRAJS\ravir
Status : running
Start Time : 2026-02-07 22-14-51
CPU % : 0.00
Memory % : 0.41
------------------------------------------------------------
PID : 14252
Name : msedgewebview2.exe
Username : RAVIRAJS\ravir
Status : running
Start Time : 2026-02-07 17-41-55
CPU % : 0.00
Memory % : 0.00
------------------------------------------------------------
PID : 14396
Name : msedgewebview2.exe
Username : RAVIRAJS\ravir
Status : running
Start Time : 2026-02-07 17-41-55
CPU % : 0.00
Memory % : 0.00
------------------------------------------------------------
PID : 14504
Name : Code.exe
Username : RAVIRAJS\ravir
Status : running
Start Time : 2026-02-07 18-12-14
CPU % : 0.00
Memory % : 0.60
------------------------------------------------------------
PID : 15004
Name : OmenCommandCenterBackground.exe
Username : RAVIRAJS\ravir
Status : running
Start Time : 2026-02-07 17-41-56
CPU % : 0.70
Memory % : 1.38
------------------------------------------------------------
PID : 15100
Name : PhoneExperienceHost.exe
Username : RAVIRAJS\ravir
Status : running
Start Time : 2026-02-07 17-41-58
CPU % : 0.00
Memory % : 0.93
------------------------------------------------------------
PID : 15268
Name : LightStudio-background.exe
Username : RAVIRAJS\ravir
Status : running
Start Time : 2026-02-07 17-41-56
CPU % : 19.30
Memory % : 0.63
------------------------------------------------------------
PID : 15520
Name : AppActions.exe
Username : RAVIRAJS\ravir
Status : running
Start Time : 2026-02-07 17-48-03
CPU % : 0.00
Memory % : 0.26
------------------------------------------------------------
PID : 15568
Name : UserOOBEBroker.exe
Username : RAVIRAJS\ravir
Status : running
Start Time : 2026-02-07 17-46-28
CPU % : 0.00
Memory % : 0.07
------------------------------------------------------------
PID : 15780
Name : SecurityHealthService.exe
Username : None
Status : running
Start Time : 2026-02-07 17-42-07
CPU % : 0.00
Memory % : 0.14
------------------------------------------------------------
PID : 16132
Name : HPSystemEventUtilityHost.exe
Username : RAVIRAJS\ravir
Status : running
Start Time : 2026-02-07 22-03-12
CPU % : 0.00
Memory % : 0.24
------------------------------------------------------------
PID : 16208
Name : TextInputHost.exe
Username : RAVIRAJS\ravir
Status : running
Start Time : 2026-02-07 17-42-03
CPU % : 1.30
Memory % : 0.60
------------------------------------------------------------
PID : 16288
Name : unsecapp.exe
Username : RAVIRAJS\ravir
Status : running
Start Time : 2026-02-07 17-42-07
CPU % : 0.00
Memory % : 0.06
------------------------------------------------------------
PID : 16420
Name : FileSyncHelper.exe
Username : None
Status : running
Start Time : 2026-02-07 17-43-03
CPU % : 0.00
Memory % : 0.17
------------------------------------------------------------
PID : 16640
Name : svchost.exe
Username : None
Status : running
Start Time : 2026-02-07 17-43-38
CPU % : 0.00
Memory % : 0.06
------------------------------------------------------------
PID : 16728
Name : svchost.exe
Username : None
Status : running
Start Time : 2026-02-07 17-43-50
CPU % : 0.00
Memory % : 0.12
------------------------------------------------------------
PID : 16948
Name : WidgetService.exe
Username : RAVIRAJS\ravir
Status : running
Start Time : 2026-02-07 22-03-06
CPU % : 0.00
Memory % : 0.16
------------------------------------------------------------
PID : 17072
Name : Code.exe
Username : RAVIRAJS\ravir
Status : running
Start Time : 2026-02-07 18-12-16
CPU % : 0.00
Memory % : 4.22
------------------------------------------------------------
PID : 17088
Name : svchost.exe
Username : None
Status : running
Start Time : 2026-02-07 17-43-50
CPU % : 0.00
Memory % : 0.05
------------------------------------------------------------
PID : 17200
Name : svchost.exe
Username : None
Status : running
Start Time : 2026-02-07 17-43-39
CPU % : 0.00
Memory % : 0.10
------------------------------------------------------------
PID : 17428
Name : svchost.exe
Username : None
Status : running
Start Time : 2026-02-07 17-43-55
CPU % : 0.00
Memory % : 0.09
------------------------------------------------------------
PID : 17508
Name : svchost.exe
Username : None
Status : running
Start Time : 2026-02-07 17-43-56
CPU % : 0.00
Memory % : 0.18
------------------------------------------------------------
PID : 17624
Name : svchost.exe
Username : None
Status : running
Start Time : 2026-02-07 17-43-56
CPU % : 0.00
Memory % : 0.09
------------------------------------------------------------
PID : 17864
Name : powershell.exe
Username : RAVIRAJS\ravir
Status : running
Start Time : 2026-02-07 20-45-34
CPU % : 0.00
Memory % : 0.69
------------------------------------------------------------
PID : 17960
Name : conhost.exe
Username : RAVIRAJS\ravir
Status : running
Start Time : 2026-02-07 18-12-15
CPU % : 0.00
Memory % : 0.05
------------------------------------------------------------
PID : 17988
Name : DataExchangeHost.exe
Username : RAVIRAJS\ravir
Status : running
Start Time : 2026-02-07 22-12-49
CPU % : 0.00
Memory % : 0.19
------------------------------------------------------------
PID : 18016
Name : Code.exe
Username : RAVIRAJS\ravir
Status : running
Start Time : 2026-02-07 18-11-48
CPU % : 0.00
Memory % : 0.18
------------------------------------------------------------
PID : 18108
Name : DesktopExtension.exe
Username : RAVIRAJS\ravir
Status : running
Start Time : 2026-02-07 17-45-00
CPU % : 0.00
Memory % : 0.31
------------------------------------------------------------
PID : 18280
Name : svchost.exe
Username : None
Status : running
Start Time : 2026-02-07 17-46-28
CPU % : 0.00
Memory % : 0.08
------------------------------------------------------------
------------------------------------------------------------
---------------------- End of log file ---------------------
------------------------------------------------------------
